<!DOCTYPE html>
<html>

<head>
  <meta charset="utf-8">
  <meta name="viewport" content="width=device-width, initial-scale=1, shrink-to-fit=no">
  <meta http-equiv="x-ua-compatible" content="ie=edge">

  <link rel="icon" href="../favicon.png">
  <link href="https://cdn.jsdelivr.net/npm/bootstrap@5.3.3/dist/css/bootstrap.min.css" rel="stylesheet"
    integrity="sha384-QWTKZyjpPEjISv5WaRU9OFeRpok6YctnYmDr5pNlyT2bRjXh0JMhjY6hW+ALEwIH" crossorigin="anonymous">
  <link rel="stylesheet" type="text/css" href="../style.css">

  <title>My web site: Sample page</title>
</head>

<body>
  <script>
    // Set theme to the user's preferred color scheme
    function updateTheme() {
      const colorMode = window.matchMedia("(prefers-color-scheme: dark)").matches ? "dark" : "light";
      document.querySelector("html").setAttribute("data-bs-theme", colorMode);
    }

    // Set theme on load
    updateTheme()

    // Update theme when the preferred scheme changes
    window.matchMedia('(prefers-color-scheme: dark)').addEventListener('change', updateTheme)
  </script>
  <nav class="navbar navbar-expand-md fixed-top bg-body-tertiary menu-navbar">
    <div class="container-fluid">
      <a class="navbar-brand" href="#"><img width="48" height="48" src="../favicon.png"></a>
      <button class="navbar-toggler" type="button" data-bs-toggle="collapse" data-bs-target="#navbarNav"
        aria-expanded="false" aria-controls="navbarNav" aria-label="Toggle navigation">
        <span class="navbar-toggler-icon"></span>
      </button>
      <div class="collapse navbar-collapse" id="navbarNav">
        <ul class="navbar-nav flex-column">
          <li><span class="nav-link"><a href="../Licence/index.html">Licence</a></span></li><li><span class="nav-link"><a href="../Sample%20page/index.html">Sample page</a></span></li>
        </ul>
      </div>
    </div>
  </nav>
  <nav class="navbar navbar-expand-md sticky-md-top bg-body-tertiary">
    <div class="container-fluid">
      <ol class="breadcrumb">
        <li class="breadcrumb-item"><a href="../index.html">My web site</a></li><li class="breadcrumb-item breadcrumb-active"><a href="../Sample%20page/index.html">Sample page</a></li>
      </ol>
    </div>
  </nav>
  <main>
    <div class="mt-1 container main-content center">
      <h1>Sample page</h1>

<p>A sample page in a Linton web site.</p>

      <hr>
    </div>
  </main>

  <footer class="footer">
    <div class="container">
      <ul class="inline-list">
        <li><a href="../Licence/index.html">©</a>
          <a href="mailto:me@example.com">SITE AUTHOR’S NAME</a> <a href="mailto:me@example.com">me@example.com</a></li>
      </ul>
    </div>
  </footer>

  <!-- JavaScript Bundle with Popper -->
  <script src="https://cdn.jsdelivr.net/npm/bootstrap@5.3.3/dist/js/bootstrap.bundle.min.js"
    integrity="sha384-YvpcrYf0tY3lHB60NNkmXc5s9fDVZLESaAA55NDzOxhy9GkcIdslK1eN7N6jIeHz"
    crossorigin="anonymous"></script>
</body>

</html>