<!DOCTYPE html>
<html>

<head>
  <meta charset="utf-8">
  <meta name="viewport" content="width=device-width, initial-scale=1, shrink-to-fit=no">
  <meta http-equiv="x-ua-compatible" content="ie=edge">

  <link rel="icon" href="./favicon.ico">
  <link href="https://cdn.jsdelivr.net/npm/bootstrap@5.3.2/dist/css/bootstrap.min.css" rel="stylesheet"
    integrity="sha384-T3c6CoIi6uLrA9TneNEoa7RxnatzjcDSCmG1MXxSR1GAsXEV/Dwwykc2MPK8M2HN" crossorigin="anonymous">
  <link rel="stylesheet" type="text/css" href="./style.css">

  <title>My web site</title>
</head>

<body>
  <script>
    // Set theme to the user's preferred color scheme
    function updateTheme() {
      const colorMode = window.matchMedia("(prefers-color-scheme: dark)").matches ? "dark" : "light";
      document.querySelector("html").setAttribute("data-bs-theme", colorMode);
    }

    // Set theme on load
    updateTheme()

    // Update theme when the preferred scheme changes
    window.matchMedia('(prefers-color-scheme: dark)').addEventListener('change', updateTheme)
  </script>
  <nav class="navbar navbar-expand-md fixed-top bg-body-tertiary menu-navbar">
    <div class="container-fluid">
      <button class="navbar-toggler" type="button" data-bs-toggle="collapse" data-bs-target="#navbarNav"
        aria-expanded="false" aria-controls="navbarNav" aria-label="Toggle navigation">
        <span class="navbar-toggler-icon"></span>
      </button>
      <div class="collapse navbar-collapse" id="navbarNav">
        <ul class="navbar-nav flex-column">
          <li><span class="nav-link"><a href="./Sample%20page/">Sample page</a></span></li>
        </ul>
      </div>
    </div>
  </nav>
  <nav class="navbar navbar-expand-md sticky-md-top bg-body-tertiary">
    <div class="container-fluid">
      <ol class="breadcrumb">
        <li class="breadcrumb-item"><a href=".">My web site</a></li>
      </ol>
    </div>
  </nav>
  <main>
    <div class="mt-1 container main-content center">
      <h1>A Linton web site</h1>

<p>Here’s your fresh Linton web site, ready to go.</p>

<p>See the <a href="https://rrthomas.github.io/linton">Linton documentation</a> for more information on how to make your own site.</p>

<p>Here’s a <a href="Sample%20page">sample page</a>.</p>
      <hr>
    </div>
  </main>

  <footer class="footer">
    <div class="container">
      <ul class="inline-list">
        <li><a href="./Licence/index.html">©</a>
          <a href="mailto:me@example.com">SITE AUTHOR’S NAME</a> <a href="mailto:me@example.com">me@example.com</a></li>
      </ul>
    </div>
  </footer>

  <!-- JavaScript Bundle with Popper -->
  <script src="https://cdn.jsdelivr.net/npm/bootstrap@5.3.2/dist/js/bootstrap.bundle.min.js"
    integrity="sha384-C6RzsynM9kWDrMNeT87bh95OGNyZPhcTNXj1NW7RuBCsyN/o0jlpcV8Qyq46cDfL"
    crossorigin="anonymous"></script>
</body>

</html>